2026-08-31 09:18:44,313 | INFO    | 07_external_metabric | ======================================================================
2026-08-31 09:18:44,313 | INFO    | 07_external_metabric | start 07_external_metabric | config=config/config.yaml | seed=42
2026-08-31 09:18:45,280 | INFO    | 07_external_metabric | signature panels available: [20, 50, 100, 250, 500]
2026-08-31 09:18:45,280 | INFO    | 07_external_metabric | reading METABRIC expression...
2026-08-31 09:18:55,283 | INFO    | 07_external_metabric | FILTER | METABRIC expression rows                             |  20603 ->  20603 (dropped 0) [probes/genes]
2026-08-31 09:18:56,570 | INFO    | 07_external_metabric | FILTER | METABRIC: collapse duplicate symbols (mean)          |  20384 ->  20384 (dropped 0) [genes]
2026-08-31 09:18:56,570 | INFO    | 07_external_metabric | METABRIC expression: 1980 samples x 20384 genes
2026-08-31 09:18:56,581 | INFO    | 07_external_metabric | FILTER | METABRIC clinical rows                               |   2509 ->   2509 (dropped 0) [patients]
2026-08-31 09:18:56,586 | INFO    | 07_external_metabric | FILTER | METABRIC: drop missing RFS status/months             |   2509 ->   2380 (dropped 129) [patients]
2026-08-31 09:18:56,588 | INFO    | 07_external_metabric | METABRIC label at 1095d: pos=436 neg=1844 excluded_early_censor=100
2026-08-31 09:18:56,589 | INFO    | 07_external_metabric | FILTER | METABRIC: EXCLUDE censored before 1095d              |   2380 ->   2280 (dropped 100) [patients]
2026-08-31 09:18:56,589 | INFO    | 07_external_metabric | COUNT  | METABRIC positives                                   |    436 [patients]
2026-08-31 09:18:56,589 | INFO    | 07_external_metabric | COUNT  | METABRIC negatives                                   |   1844 [patients]
2026-08-31 09:18:56,982 | INFO    | 07_external_metabric | FILTER | METABRIC: patients with expression AND a usable label |   2280 ->   1902 (dropped 378) [patients]
2026-08-31 09:18:57,082 | INFO    | 07_external_metabric | METABRIC validation cohort: n=1902, positives=359 (18.9%)
2026-08-31 09:18:57,087 | INFO    | 07_external_metabric | panel   20: 9 expression markers, 9 map to METABRIC (100%); 9 methylation markers CANNOT be tested externally
2026-08-31 09:18:57,184 | INFO    | 07_external_metabric |    xgboost    METABRIC AUC=0.5582 AP=0.2166  (TCGA in-sample 1.0000, optimistic by construction)
2026-08-31 09:18:57,195 | INFO    | 07_external_metabric |    logreg_l2  METABRIC AUC=0.6321 AP=0.2753  (TCGA in-sample 0.7556, optimistic by construction)
2026-08-31 09:18:57,197 | INFO    | 07_external_metabric | panel   50: 31 expression markers, 29 map to METABRIC (94%); 17 methylation markers CANNOT be tested externally
2026-08-31 09:18:57,348 | INFO    | 07_external_metabric |    xgboost    METABRIC AUC=0.5583 AP=0.2277  (TCGA in-sample 1.0000, optimistic by construction)
2026-08-31 09:18:57,361 | INFO    | 07_external_metabric |    logreg_l2  METABRIC AUC=0.5309 AP=0.2038  (TCGA in-sample 0.8480, optimistic by construction)
2026-08-31 09:18:57,364 | INFO    | 07_external_metabric | panel  100: 66 expression markers, 62 map to METABRIC (94%); 32 methylation markers CANNOT be tested externally
2026-08-31 09:18:57,645 | INFO    | 07_external_metabric |    xgboost    METABRIC AUC=0.5791 AP=0.2257  (TCGA in-sample 1.0000, optimistic by construction)
2026-08-31 09:18:57,660 | INFO    | 07_external_metabric |    logreg_l2  METABRIC AUC=0.5331 AP=0.2040  (TCGA in-sample 0.9143, optimistic by construction)
2026-08-31 09:18:57,663 | INFO    | 07_external_metabric | panel  250: 171 expression markers, 162 map to METABRIC (95%); 77 methylation markers CANNOT be tested externally
2026-08-31 09:18:58,226 | INFO    | 07_external_metabric |    xgboost    METABRIC AUC=0.5853 AP=0.2338  (TCGA in-sample 1.0000, optimistic by construction)
2026-08-31 09:18:58,245 | INFO    | 07_external_metabric |    logreg_l2  METABRIC AUC=0.5215 AP=0.2016  (TCGA in-sample 0.9874, optimistic by construction)
2026-08-31 09:18:58,249 | INFO    | 07_external_metabric | panel  500: 345 expression markers, 319 map to METABRIC (92%); 153 methylation markers CANNOT be tested externally
2026-08-31 09:18:59,151 | INFO    | 07_external_metabric |    xgboost    METABRIC AUC=0.5678 AP=0.2175  (TCGA in-sample 1.0000, optimistic by construction)
2026-08-31 09:18:59,174 | INFO    | 07_external_metabric |    logreg_l2  METABRIC AUC=0.4806 AP=0.1902  (TCGA in-sample 1.0000, optimistic by construction)
2026-08-31 09:18:59,178 | INFO    | 07_external_metabric | wrote results/tables/gate7_metabric_performance.csv  shape=(10, 6)
2026-08-31 09:18:59,180 | INFO    | 07_external_metabric | wrote results/tables/gate7_gene_mapping.csv  shape=(5, 6)
2026-08-31 09:18:59,181 | INFO    | 07_external_metabric | wrote results/tables/gate7_metabric_filtering.csv  shape=(8, 6)
2026-08-31 09:18:59,562 | INFO    | 07_external_metabric | wrote results/tables/gate7_metabric_km_all_configs.csv  shape=(10, 5)
2026-08-31 09:18:59,562 | INFO    | 07_external_metabric | METABRIC log-rank across all configs (best-transferring first):
2026-08-31 09:18:59,563 | INFO    | 07_external_metabric |    panel   20 logreg_l2  AUC=0.6321  log-rank p=4.682e-06 *
2026-08-31 09:18:59,563 | INFO    | 07_external_metabric |    panel  250 xgboost    AUC=0.5853  log-rank p=0.003503 *
2026-08-31 09:18:59,563 | INFO    | 07_external_metabric |    panel  100 xgboost    AUC=0.5791  log-rank p=0.0459 *
2026-08-31 09:18:59,563 | INFO    | 07_external_metabric |    panel  500 xgboost    AUC=0.5678  log-rank p=0.002034 *
2026-08-31 09:18:59,563 | INFO    | 07_external_metabric |    panel   50 xgboost    AUC=0.5583  log-rank p=0.6857 
2026-08-31 09:18:59,563 | INFO    | 07_external_metabric |    panel   20 xgboost    AUC=0.5582  log-rank p=0.2731 
2026-08-31 09:18:59,563 | INFO    | 07_external_metabric |    panel  100 logreg_l2  AUC=0.5331  log-rank p=0.6276 
2026-08-31 09:18:59,563 | INFO    | 07_external_metabric |    panel   50 logreg_l2  AUC=0.5309  log-rank p=0.8183 
2026-08-31 09:18:59,563 | INFO    | 07_external_metabric |    panel  250 logreg_l2  AUC=0.5215  log-rank p=0.4196 
2026-08-31 09:18:59,563 | INFO    | 07_external_metabric |    panel  500 logreg_l2  AUC=0.4806  log-rank p=0.8243 
2026-08-31 09:18:59,597 | INFO    | 07_external_metabric | METABRIC KM headline (best-transferring: panel 20 logreg_l2, AUC 0.6321): log-rank p=4.682e-06
2026-08-31 09:18:59,637 | INFO    | 07_external_metabric | TCGA KM (out-of-fold Model B risk, median split): log-rank p=0.000179
2026-08-31 09:18:59,640 | INFO    | 07_external_metabric | wrote results/tables/gate7_summary.json
2026-08-31 09:18:59,640 | INFO    | 07_external_metabric | GATE 7: best METABRIC AUC = 0.6321 (panel 20, logreg_l2)
